// Jest Snapshot v1, https://goo.gl/fbAQLP

exports[`it can send a request to the server 1`] = `
[MockFunction] {
  "calls": Array [
    Array [
      "https://spoke-3.myshopify.com/api/2020-04/graphql.json",
      Object {
        "body": "{\\"query\\":\\"{\\\\n  products(first: 50, query:\\\\\\"product_type:Heroes OR product_type:Sharps OR product_type:Polo\\\\\\") {\\\\n    edges {\\\\n      node {\\\\n        id,\\\\n        \\\\n  images(first: 1) {\\\\n    edges {\\\\n      node {\\\\n        originalSrc\\\\n      }\\\\n    }\\\\n  }\\\\n\\\\n        productType,\\\\n        title,\\\\n        tags,\\\\n        \\\\n  priceRange {\\\\n    maxVariantPrice {\\\\n      amount\\\\n    }\\\\n  }\\\\n\\\\n        updatedAt,\\\\n      }\\\\n    }\\\\n  }\\\\n}\\\\n\\"}",
        "credentials": "same-origin",
        "headers": Object {
          "Accept": "application/json",
          "Content-Type": "application/json",
          "X-Shopify-Storefront-Access-Token": "2dc239eb7f8edb6219b5abc7bc0bc361",
        },
        "method": "POST",
      },
    ],
  ],
  "results": Array [
    Object {
      "type": "return",
      "value": Promise {},
    },
  ],
}
`;
